// Jest Snapshot v1, https://goo.gl/fbAQLP

exports[`Create a Dockerfile 1`] = `
"FROM ubuntu

COPY ./ /
COPY ./ /
COPY ./ /

RUN /bin/bash echo \${SAIF}
RUN /bin/bash echo \${SAIF}
RUN /bin/bash echo \${SAIF}
ENTRYPOINT /bin/bash"
`;
