// Jest Snapshot v1, https://goo.gl/fbAQLP

exports[`Create a Dockerfile 1`] = `
"FROM ubuntu
ENV cms-api=localhost datamanagement-api=localhost fe-api=localhost

COPY ./ /
COPY ./ /
COPY ./ /
RUN /bin/bash echo \${SAIF}
RUN /bin/bash echo \${SAIF}
RUN /bin/bash echo \${SAIF}
ENTRYPOINT /bin/bash"
`;

exports[`Create a Dockerfile 2`] = `
"FROM ubuntu
ENV cms-api=localhost datamanagement-api=localhost fe-api=localhost

COPY ./ /
COPY ./ /
COPY ./ /
RUN /bin/bash echo \${SAIF}
RUN /bin/bash echo \${SAIF}
RUN /bin/bash echo \${SAIF}
ENTRYPOINT /bin/bash"
`;
